###############################################################################
#
# IAR ELF Linker V9.40.1.364/W64 for ARM                  24/Nov/2023  15:42:16
# Copyright 2007-2023 IAR Systems AB.
#
#    Output file  =  E:\IAR projects\STM32F4xx\AT45\HAL\EWARM\AT45\Exe\AT45.out
#    Map file     =
#        E:\IAR projects\STM32F4xx\AT45\HAL\EWARM\AT45\List\AT45.map
#    Command line =
#        -f "E:\IAR projects\STM32F4xx\AT45\HAL\EWARM\AT45\Exe\AT45.out.rsp"
#        ("E:\IAR
#        projects\STM32F4xx\AT45\HAL\EWARM\AT45\Obj\AT45_16002175213719873234.dir\AT45.o"
#        "E:\IAR
#        projects\STM32F4xx\AT45\HAL\EWARM\AT45\Obj\AT45_16002175213719873234.dir\AT45_Interface.o"
#        "E:\IAR
#        projects\STM32F4xx\AT45\HAL\EWARM\AT45\Obj\Core_13247989168731456611.dir\gpio.o"
#        "E:\IAR
#        projects\STM32F4xx\AT45\HAL\EWARM\AT45\Obj\Core_13247989168731456611.dir\main.o"
#        "E:\IAR
#        projects\STM32F4xx\AT45\HAL\EWARM\AT45\Obj\Core_13247989168731456611.dir\spi.o"
#        "E:\IAR
#        projects\STM32F4xx\AT45\HAL\EWARM\AT45\Obj\EWARM_18443280873093131863.dir\startup_stm32f407xx.o"
#        "E:\IAR
#        projects\STM32F4xx\AT45\HAL\EWARM\AT45\Obj\STM32F4xx_HAL_Driver_1244631019742807970.dir\stm32f4xx_hal.o"
#        "E:\IAR
#        projects\STM32F4xx\AT45\HAL\EWARM\AT45\Obj\STM32F4xx_HAL_Driver_1244631019742807970.dir\stm32f4xx_hal_cortex.o"
#        "E:\IAR
#        projects\STM32F4xx\AT45\HAL\EWARM\AT45\Obj\STM32F4xx_HAL_Driver_1244631019742807970.dir\stm32f4xx_hal_dma.o"
#        "E:\IAR
#        projects\STM32F4xx\AT45\HAL\EWARM\AT45\Obj\STM32F4xx_HAL_Driver_1244631019742807970.dir\stm32f4xx_hal_dma_ex.o"
#        "E:\IAR
#        projects\STM32F4xx\AT45\HAL\EWARM\AT45\Obj\STM32F4xx_HAL_Driver_1244631019742807970.dir\stm32f4xx_hal_exti.o"
#        "E:\IAR
#        projects\STM32F4xx\AT45\HAL\EWARM\AT45\Obj\STM32F4xx_HAL_Driver_1244631019742807970.dir\stm32f4xx_hal_flash.o"
#        "E:\IAR
#        projects\STM32F4xx\AT45\HAL\EWARM\AT45\Obj\STM32F4xx_HAL_Driver_1244631019742807970.dir\stm32f4xx_hal_flash_ex.o"
#        "E:\IAR
#        projects\STM32F4xx\AT45\HAL\EWARM\AT45\Obj\STM32F4xx_HAL_Driver_1244631019742807970.dir\stm32f4xx_hal_flash_ramfunc.o"
#        "E:\IAR
#        projects\STM32F4xx\AT45\HAL\EWARM\AT45\Obj\STM32F4xx_HAL_Driver_1244631019742807970.dir\stm32f4xx_hal_gpio.o"
#        "E:\IAR
#        projects\STM32F4xx\AT45\HAL\EWARM\AT45\Obj\Core_13247989168731456611.dir\stm32f4xx_hal_msp.o"
#        "E:\IAR
#        projects\STM32F4xx\AT45\HAL\EWARM\AT45\Obj\STM32F4xx_HAL_Driver_1244631019742807970.dir\stm32f4xx_hal_pwr.o"
#        "E:\IAR
#        projects\STM32F4xx\AT45\HAL\EWARM\AT45\Obj\STM32F4xx_HAL_Driver_1244631019742807970.dir\stm32f4xx_hal_pwr_ex.o"
#        "E:\IAR
#        projects\STM32F4xx\AT45\HAL\EWARM\AT45\Obj\STM32F4xx_HAL_Driver_1244631019742807970.dir\stm32f4xx_hal_rcc.o"
#        "E:\IAR
#        projects\STM32F4xx\AT45\HAL\EWARM\AT45\Obj\STM32F4xx_HAL_Driver_1244631019742807970.dir\stm32f4xx_hal_rcc_ex.o"
#        "E:\IAR
#        projects\STM32F4xx\AT45\HAL\EWARM\AT45\Obj\STM32F4xx_HAL_Driver_1244631019742807970.dir\stm32f4xx_hal_spi.o"
#        "E:\IAR
#        projects\STM32F4xx\AT45\HAL\EWARM\AT45\Obj\STM32F4xx_HAL_Driver_1244631019742807970.dir\stm32f4xx_hal_tim.o"
#        "E:\IAR
#        projects\STM32F4xx\AT45\HAL\EWARM\AT45\Obj\STM32F4xx_HAL_Driver_1244631019742807970.dir\stm32f4xx_hal_tim_ex.o"
#        "E:\IAR
#        projects\STM32F4xx\AT45\HAL\EWARM\AT45\Obj\Core_13247989168731456611.dir\stm32f4xx_it.o"
#        "E:\IAR
#        projects\STM32F4xx\AT45\HAL\EWARM\AT45\Obj\CMSIS_6603591812247902717.dir\system_stm32f4xx.o"
#        --no_out_extension -o "E:\IAR
#        projects\STM32F4xx\AT45\HAL\EWARM\AT45\Exe\AT45.out" --redirect
#        _Printf=_PrintfFullNoMb --redirect _Scanf=_ScanfFullNoMb --map "E:\IAR
#        projects\STM32F4xx\AT45\HAL\EWARM\AT45\List\AT45.map" --config "E:\IAR
#        projects\STM32F4xx\AT45\HAL\EWARM/stm32f407xx_flash.icf" --semihosting
#        --entry __iar_program_start --vfe --text_out locale --cpu=Cortex-M4
#        --fpu=VFPv4_sp) --dependencies=n "E:\IAR
#        projects\STM32F4xx\AT45\HAL\EWARM\AT45\Exe\AT45.out.iar_deps"
#
###############################################################################

*******************************************************************************
*** RUNTIME MODEL ATTRIBUTES
***

CppFlavor       = *
__CPP_Runtime   = 1
__Heap_Handler  = Basic
__SystemLibrary = DLib
__dlib_version  = 6


*******************************************************************************
*** HEAP SELECTION
***

The basic heap was selected because --advanced_heap
was not specified and the application did not appear to
be primarily optimized for speed.


*******************************************************************************
*** PLACEMENT SUMMARY
***

"A0":  place at address 0x800'0000 { ro section .intvec };
"P1":  place in [from 0x800'0000 to 0x80f'ffff] { ro };
define block CSTACK with size = 1K, alignment = 8 { };
define block HEAP with size = 512, alignment = 8 { };
"P2":  place in [from 0x2000'0000 to 0x2001'ffff] {
          rw, block CSTACK, block HEAP };
initialize by copy { rw };

  Section            Kind         Address    Size  Object
  -------            ----         -------    ----  ------
"A0":                                       0x188
  .intvec            ro code   0x800'0000   0x188  startup_stm32f407xx.o [4]
                             - 0x800'0188   0x188

"P1":                                      0x2450
  .text              ro code   0x800'0188   0x818  stm32f4xx_hal_spi.o [5]
  .text              ro code   0x800'09a0    0xc4  spi.o [3]
  .text              ro code   0x800'0a64     0xc  stm32f4xx_hal.o [5]
  .text              ro code   0x800'0a70   0x15c  main.o [3]
  .text              ro code   0x800'0bcc    0x14  memset.o [8]
  .text              ro code   0x800'0be0   0x258  stm32f4xx_hal_gpio.o [5]
  .text              ro code   0x800'0e38    0x34  stm32f4xx_hal.o [5]
  .text              ro code   0x800'0e6c    0x98  gpio.o [3]
  .text              ro code   0x800'0f04   0x6bc  AT45.o [1]
  .text              ro code   0x800'15c0    0x68  memcmp.o [8]
  .text              ro code   0x800'1628    0x66  ABImemset.o [8]
  .text              ro code   0x800'168e    0x2a  copy_init3.o [8]
  .text              ro code   0x800'16b8   0x3ec  stm32f4xx_hal_rcc.o [5]
  .text              ro code   0x800'1aa4   0x158  stm32f4xx_hal_rcc.o [5]
  .text              ro code   0x800'1bfc   0x128  stm32f4xx_hal_cortex.o [5]
  .text              ro code   0x800'1d24    0x4c  stm32f4xx_hal.o [5]
  .text              ro code   0x800'1d70    0x40  stm32f4xx_hal_msp.o [3]
  .text              ro code   0x800'1db0    0x50  AT45_Interface.o [1]
  .text              ro code   0x800'1e00   0x13c  heap0.o [6]
  .text              ro code   0x800'1f3c     0x4  heaptramp0.o [6]
  .text              ro code   0x800'1f40    0xa6  ABImemcpy.o [8]
  .text              ro code   0x800'1fe8    0x9c  stm32f4xx_hal_rcc.o [5]
  .text              ro code   0x800'2084    0x28  stm32f4xx_hal.o [5]
  .text              ro code   0x800'20ac    0x2c  xgetmemchunk.o [6]
  .text              ro code   0x800'20d8   0x230  I64DivMod.o [8]
  .text              ro code   0x800'2308     0x2  I64DivZer.o [8]
  .text              ro code   0x800'230a    0x38  zero_init3.o [8]
  .text              ro code   0x800'2344    0x28  data_init.o [8]
  .text              ro code   0x800'236c    0x22  fpinit_M.o [7]
  .iar.init_table    const     0x800'2390    0x24  - Linker created -
  .text              ro code   0x800'23b4    0x1e  cmain.o [8]
  .text              ro code   0x800'23d2     0x4  low_level_init.o [6]
  .text              ro code   0x800'23d6     0x4  exit.o [6]
  .text              ro code   0x800'23dc     0xa  cexit.o [8]
  .text              ro code   0x800'23e8    0x14  exit.o [9]
  .text              ro code   0x800'23fc    0x1c  cstartup_M.o [8]
  .text              ro code   0x800'2418    0x18  stm32f4xx_hal.o [5]
  .text              ro code   0x800'2430    0x18  stm32f4xx_it.o [3]
  .rodata            const     0x800'2448    0x10  main.o [3]
  .rodata            const     0x800'2458    0x10  system_stm32f4xx.o [2]
  .text              ro code   0x800'2468    0x10  startup_stm32f407xx.o [4]
  .text              ro code   0x800'2478    0x10  system_stm32f4xx.o [2]
  Initializer bytes  const     0x800'2488     0xc  <for P2-1>
  .text              ro code   0x800'2494     0x4  startup_stm32f407xx.o [4]
  .text              ro code   0x800'2498     0x4  startup_stm32f407xx.o [4]
  .text              ro code   0x800'249c     0x4  startup_stm32f407xx.o [4]
  .text              ro code   0x800'24a0     0x4  startup_stm32f407xx.o [4]
  .text              ro code   0x800'24a4     0x4  startup_stm32f407xx.o [4]
  .text              ro code   0x800'24a8     0x4  startup_stm32f407xx.o [4]
  .text              ro code   0x800'24ac     0x4  startup_stm32f407xx.o [4]
  .text              ro code   0x800'24b0     0x4  startup_stm32f407xx.o [4]
  .text              ro code   0x800'24b4     0x4  startup_stm32f407xx.o [4]
  .text              ro code   0x800'24b8     0x4  startup_stm32f407xx.o [4]
  .text              ro code   0x800'24bc     0x4  startup_stm32f407xx.o [4]
  .text              ro code   0x800'24c0     0x4  startup_stm32f407xx.o [4]
  .text              ro code   0x800'24c4     0x4  startup_stm32f407xx.o [4]
  .text              ro code   0x800'24c8     0x4  startup_stm32f407xx.o [4]
  .text              ro code   0x800'24cc     0x4  startup_stm32f407xx.o [4]
  .text              ro code   0x800'24d0     0x4  startup_stm32f407xx.o [4]
  .text              ro code   0x800'24d4     0x4  startup_stm32f407xx.o [4]
  .text              ro code   0x800'24d8     0x4  startup_stm32f407xx.o [4]
  .text              ro code   0x800'24dc     0x4  startup_stm32f407xx.o [4]
  .text              ro code   0x800'24e0     0x4  startup_stm32f407xx.o [4]
  .text              ro code   0x800'24e4     0x4  startup_stm32f407xx.o [4]
  .text              ro code   0x800'24e8     0x4  startup_stm32f407xx.o [4]
  .text              ro code   0x800'24ec     0x4  startup_stm32f407xx.o [4]
  .text              ro code   0x800'24f0     0x4  startup_stm32f407xx.o [4]
  .text              ro code   0x800'24f4     0x4  startup_stm32f407xx.o [4]
  .text              ro code   0x800'24f8     0x4  startup_stm32f407xx.o [4]
  .text              ro code   0x800'24fc     0x4  startup_stm32f407xx.o [4]
  .text              ro code   0x800'2500     0x4  startup_stm32f407xx.o [4]
  .text              ro code   0x800'2504     0x4  startup_stm32f407xx.o [4]
  .text              ro code   0x800'2508     0x4  startup_stm32f407xx.o [4]
  .text              ro code   0x800'250c     0x4  startup_stm32f407xx.o [4]
  .text              ro code   0x800'2510     0x4  startup_stm32f407xx.o [4]
  .text              ro code   0x800'2514     0x4  startup_stm32f407xx.o [4]
  .text              ro code   0x800'2518     0x4  startup_stm32f407xx.o [4]
  .text              ro code   0x800'251c     0x4  startup_stm32f407xx.o [4]
  .text              ro code   0x800'2520     0x4  startup_stm32f407xx.o [4]
  .text              ro code   0x800'2524     0x4  startup_stm32f407xx.o [4]
  .text              ro code   0x800'2528     0x4  startup_stm32f407xx.o [4]
  .text              ro code   0x800'252c     0x4  startup_stm32f407xx.o [4]
  .text              ro code   0x800'2530     0x4  startup_stm32f407xx.o [4]
  .text              ro code   0x800'2534     0x4  startup_stm32f407xx.o [4]
  .text              ro code   0x800'2538     0x4  startup_stm32f407xx.o [4]
  .text              ro code   0x800'253c     0x4  startup_stm32f407xx.o [4]
  .text              ro code   0x800'2540     0x4  startup_stm32f407xx.o [4]
  .text              ro code   0x800'2544     0x4  startup_stm32f407xx.o [4]
  .text              ro code   0x800'2548     0x4  startup_stm32f407xx.o [4]
  .text              ro code   0x800'254c     0x4  startup_stm32f407xx.o [4]
  .text              ro code   0x800'2550     0x4  startup_stm32f407xx.o [4]
  .text              ro code   0x800'2554     0x4  startup_stm32f407xx.o [4]
  .text              ro code   0x800'2558     0x4  startup_stm32f407xx.o [4]
  .text              ro code   0x800'255c     0x4  startup_stm32f407xx.o [4]
  .text              ro code   0x800'2560     0x4  startup_stm32f407xx.o [4]
  .text              ro code   0x800'2564     0x4  startup_stm32f407xx.o [4]
  .text              ro code   0x800'2568     0x4  startup_stm32f407xx.o [4]
  .text              ro code   0x800'256c     0x4  startup_stm32f407xx.o [4]
  .text              ro code   0x800'2570     0x4  startup_stm32f407xx.o [4]
  .text              ro code   0x800'2574     0x4  startup_stm32f407xx.o [4]
  .text              ro code   0x800'2578     0x4  startup_stm32f407xx.o [4]
  .text              ro code   0x800'257c     0x4  startup_stm32f407xx.o [4]
  .text              ro code   0x800'2580     0x4  startup_stm32f407xx.o [4]
  .text              ro code   0x800'2584     0x4  startup_stm32f407xx.o [4]
  .text              ro code   0x800'2588     0x4  startup_stm32f407xx.o [4]
  .text              ro code   0x800'258c     0x4  startup_stm32f407xx.o [4]
  .text              ro code   0x800'2590     0x4  startup_stm32f407xx.o [4]
  .text              ro code   0x800'2594     0x4  startup_stm32f407xx.o [4]
  .text              ro code   0x800'2598     0x4  startup_stm32f407xx.o [4]
  .text              ro code   0x800'259c     0x4  startup_stm32f407xx.o [4]
  .text              ro code   0x800'25a0     0x4  startup_stm32f407xx.o [4]
  .text              ro code   0x800'25a4     0x4  startup_stm32f407xx.o [4]
  .text              ro code   0x800'25a8     0x4  startup_stm32f407xx.o [4]
  .text              ro code   0x800'25ac     0x4  startup_stm32f407xx.o [4]
  .text              ro code   0x800'25b0     0x4  startup_stm32f407xx.o [4]
  .text              ro code   0x800'25b4     0x4  startup_stm32f407xx.o [4]
  .text              ro code   0x800'25b8     0x4  startup_stm32f407xx.o [4]
  .text              ro code   0x800'25bc     0x4  startup_stm32f407xx.o [4]
  .text              ro code   0x800'25c0     0x4  startup_stm32f407xx.o [4]
  .text              ro code   0x800'25c4     0x4  startup_stm32f407xx.o [4]
  .text              ro code   0x800'25c8     0x4  startup_stm32f407xx.o [4]
  .text              ro code   0x800'25cc     0x4  startup_stm32f407xx.o [4]
  .text              ro code   0x800'25d0     0x4  startup_stm32f407xx.o [4]
  .text              ro code   0x800'25d4     0x4  startup_stm32f407xx.o [4]
  .rodata            const     0x800'25d8     0x0  zero_init3.o [8]
  .rodata            const     0x800'25d8     0x0  copy_init3.o [8]
                             - 0x800'25d8  0x2450

"P2", part 1 of 3:                            0xc
  P2-1                        0x2000'0000     0x9  <Init block>
    .data            inited   0x2000'0000     0x4  stm32f4xx_hal.o [5]
    .data            inited   0x2000'0004     0x4  system_stm32f4xx.o [2]
    .data            inited   0x2000'0008     0x1  stm32f4xx_hal.o [5]
                            - 0x2000'0009     0x9

"P2", part 2 of 3:                           0x98
  .bss               zero     0x2000'000c    0x58  spi.o [3]
  .bss               zero     0x2000'0064    0x20  main.o [3]
  .bss               zero     0x2000'0084    0x10  main.o [3]
  .bss               zero     0x2000'0094     0x8  heap0.o [6]
  .bss               zero     0x2000'009c     0x4  stm32f4xx_hal.o [5]
  .bss               zero     0x2000'00a0     0x4  xgetmemchunk.o [6]
                            - 0x2000'00a4    0x98

"P2", part 3 of 3:                          0x600
  CSTACK                      0x2000'00a8   0x400  <Block>
    CSTACK           uninit   0x2000'00a8   0x400  <Block tail>
  HEAP                        0x2000'04a8   0x200  <Block>
    HEAP             uninit   0x2000'04a8   0x200  <Block tail>
                            - 0x2000'06a8   0x600

Unused ranges:

         From           To      Size
         ----           --      ----
   0x800'25d8   0x80f'ffff  0xf'da28
  0x2000'00a4  0x2000'00a7       0x4
  0x2000'06a8  0x2001'ffff  0x1'f958


*******************************************************************************
*** INIT TABLE
***

          Address      Size
          -------      ----
Zero (__iar_zero_init3)
    1 destination range, total size 0x98:
          0x2000'000c  0x98

Copy (__iar_copy_init3)
    1 source range, total size 0xc (133% of destination):
           0x800'2488   0xc
    1 destination range, total size 0x9:
          0x2000'0000   0x9



*******************************************************************************
*** MODULE SUMMARY
***

    Module                  ro code  ro data  rw data
    ------                  -------  -------  -------
command line/config:
    -------------------------------------------------
    Total:

E:\IAR projects\STM32F4xx\AT45\HAL\EWARM\AT45\Obj\AT45_16002175213719873234.dir: [1]
    AT45.o                    1'724
    AT45_Interface.o             80
    -------------------------------------------------
    Total:                    1'804

E:\IAR projects\STM32F4xx\AT45\HAL\EWARM\AT45\Obj\CMSIS_6603591812247902717.dir: [2]
    system_stm32f4xx.o           16       20        4
    -------------------------------------------------
    Total:                       16       20        4

E:\IAR projects\STM32F4xx\AT45\HAL\EWARM\AT45\Obj\Core_13247989168731456611.dir: [3]
    gpio.o                      152
    main.o                      348       16       48
    spi.o                       196                88
    stm32f4xx_hal_msp.o          64
    stm32f4xx_it.o               24
    -------------------------------------------------
    Total:                      784       16      136

E:\IAR projects\STM32F4xx\AT45\HAL\EWARM\AT45\Obj\EWARM_18443280873093131863.dir: [4]
    startup_stm32f407xx.o       732
    -------------------------------------------------
    Total:                      732

E:\IAR projects\STM32F4xx\AT45\HAL\EWARM\AT45\Obj\STM32F4xx_HAL_Driver_1244631019742807970.dir: [5]
    stm32f4xx_hal.o             204        5        9
    stm32f4xx_hal_cortex.o      296
    stm32f4xx_hal_gpio.o        600
    stm32f4xx_hal_rcc.o       1'504
    stm32f4xx_hal_spi.o       2'072
    -------------------------------------------------
    Total:                    4'676        5        9

dl7M_tlf.a: [6]
    exit.o                        4
    heap0.o                     316                 8
    heaptramp0.o                  4
    low_level_init.o              4
    xgetmemchunk.o               44                 4
    -------------------------------------------------
    Total:                      372                12

m7M_tls.a: [7]
    fpinit_M.o                   34
    -------------------------------------------------
    Total:                       34

rt7M_tl.a: [8]
    ABImemcpy.o                 166
    ABImemset.o                 102
    I64DivMod.o                 560
    I64DivZer.o                   2
    cexit.o                      10
    cmain.o                      30
    copy_init3.o                 42
    cstartup_M.o                 28
    data_init.o                  40
    memcmp.o                    104
    memset.o                     20
    zero_init3.o                 56
    -------------------------------------------------
    Total:                    1'160

shb_l.a: [9]
    exit.o                       20
    -------------------------------------------------
    Total:                       20

    Gaps                          8        2
    Linker created                        39    1'536
-----------------------------------------------------
    Grand Total:              9'606       82    1'697


*******************************************************************************
*** ENTRY LIST
***

Entry                       Address   Size  Type      Object
-----                       -------   ----  ----      ------
.iar.init_table$$Base    0x800'2390          --   Gb  - Linker created -
.iar.init_table$$Limit   0x800'23b4          --   Gb  - Linker created -
?main                    0x800'23b5         Code  Gb  cmain.o [8]
ADC_IRQHandler           0x800'24dd         Code  Wk  startup_stm32f407xx.o [4]
AHBPrescTable            0x800'2458   0x10  Data  Gb  system_stm32f4xx.o [2]
AT45_Delay               0x800'1df5    0xc  Code  Gb  AT45_Interface.o [1]
AT45_Handle             0x2000'0064   0x20  Data  Gb  main.o [3]
AT45_Init                0x800'0f05   0xe4  Code  Gb  AT45.o [1]
AT45_PageSizeCheck       0x800'14c5   0x1e  Code  Lc  AT45.o [1]
AT45_PageSizeConfig      0x800'14e3   0x90  Code  Lc  AT45.o [1]
AT45_Read                0x800'11ff  0x1cc  Code  Gb  AT45.o [1]
AT45_ReadID              0x800'13cb   0x40  Code  Lc  AT45.o [1]
AT45_ReadStatus          0x800'140b   0x40  Code  Lc  AT45.o [1]
AT45_SPI_Receive         0x800'1dd3   0x22  Code  Gb  AT45_Interface.o [1]
AT45_SPI_Transmit        0x800'1db1   0x22  Code  Gb  AT45_Interface.o [1]
AT45_WaitWithTimeout     0x800'144b   0x66  Code  Lc  AT45.o [1]
AT45_Write               0x800'0fe9  0x216  Code  Gb  AT45.o [1]
Aldata                  0x2000'0094    0x8  Data  Lc  heap0.o [6]
BusFault_Handler         0x800'2437    0x2  Code  Gb  stm32f4xx_it.o [3]
CAN1_RX0_IRQHandler      0x800'24e5         Code  Wk  startup_stm32f407xx.o [4]
CAN1_RX1_IRQHandler      0x800'24e9         Code  Wk  startup_stm32f407xx.o [4]
CAN1_SCE_IRQHandler      0x800'24ed         Code  Wk  startup_stm32f407xx.o [4]
CAN1_TX_IRQHandler       0x800'24e1         Code  Wk  startup_stm32f407xx.o [4]
CAN2_RX0_IRQHandler      0x800'2595         Code  Wk  startup_stm32f407xx.o [4]
CAN2_RX1_IRQHandler      0x800'2599         Code  Wk  startup_stm32f407xx.o [4]
CAN2_SCE_IRQHandler      0x800'259d         Code  Wk  startup_stm32f407xx.o [4]
CAN2_TX_IRQHandler       0x800'2591         Code  Wk  startup_stm32f407xx.o [4]
CSTACK$$Base            0x2000'00a8          --   Gb  - Linker created -
CSTACK$$Limit           0x2000'04a8          --   Gb  - Linker created -
DCMI_IRQHandler          0x800'25cd         Code  Wk  startup_stm32f407xx.o [4]
DMA1_Stream0_IRQHandler
                         0x800'24c1         Code  Wk  startup_stm32f407xx.o [4]
DMA1_Stream1_IRQHandler
                         0x800'24c5         Code  Wk  startup_stm32f407xx.o [4]
DMA1_Stream2_IRQHandler
                         0x800'24c9         Code  Wk  startup_stm32f407xx.o [4]
DMA1_Stream3_IRQHandler
                         0x800'24cd         Code  Wk  startup_stm32f407xx.o [4]
DMA1_Stream4_IRQHandler
                         0x800'24d1         Code  Wk  startup_stm32f407xx.o [4]
DMA1_Stream5_IRQHandler
                         0x800'24d5         Code  Wk  startup_stm32f407xx.o [4]
DMA1_Stream6_IRQHandler
                         0x800'24d9         Code  Wk  startup_stm32f407xx.o [4]
DMA1_Stream7_IRQHandler
                         0x800'2551         Code  Wk  startup_stm32f407xx.o [4]
DMA2_Stream0_IRQHandler
                         0x800'2575         Code  Wk  startup_stm32f407xx.o [4]
DMA2_Stream1_IRQHandler
                         0x800'2579         Code  Wk  startup_stm32f407xx.o [4]
DMA2_Stream2_IRQHandler
                         0x800'257d         Code  Wk  startup_stm32f407xx.o [4]
DMA2_Stream3_IRQHandler
                         0x800'2581         Code  Wk  startup_stm32f407xx.o [4]
DMA2_Stream4_IRQHandler
                         0x800'2585         Code  Wk  startup_stm32f407xx.o [4]
DMA2_Stream5_IRQHandler
                         0x800'25a5         Code  Wk  startup_stm32f407xx.o [4]
DMA2_Stream6_IRQHandler
                         0x800'25a9         Code  Wk  startup_stm32f407xx.o [4]
DMA2_Stream7_IRQHandler
                         0x800'25ad         Code  Wk  startup_stm32f407xx.o [4]
DebugMon_Handler         0x800'243d    0x2  Code  Gb  stm32f4xx_it.o [3]
ETH_IRQHandler           0x800'2589         Code  Wk  startup_stm32f407xx.o [4]
ETH_WKUP_IRQHandler      0x800'258d         Code  Wk  startup_stm32f407xx.o [4]
EXTI0_IRQHandler         0x800'24ad         Code  Wk  startup_stm32f407xx.o [4]
EXTI15_10_IRQHandler     0x800'2535         Code  Wk  startup_stm32f407xx.o [4]
EXTI1_IRQHandler         0x800'24b1         Code  Wk  startup_stm32f407xx.o [4]
EXTI2_IRQHandler         0x800'24b5         Code  Wk  startup_stm32f407xx.o [4]
EXTI3_IRQHandler         0x800'24b9         Code  Wk  startup_stm32f407xx.o [4]
EXTI4_IRQHandler         0x800'24bd         Code  Wk  startup_stm32f407xx.o [4]
EXTI9_5_IRQHandler       0x800'24f1         Code  Wk  startup_stm32f407xx.o [4]
Error_Handler            0x800'0bc9    0x4  Code  Gb  main.o [3]
FLASH_IRQHandler         0x800'24a5         Code  Wk  startup_stm32f407xx.o [4]
FPU_IRQHandler           0x800'25d5         Code  Wk  startup_stm32f407xx.o [4]
FSMC_IRQHandler          0x800'2555         Code  Wk  startup_stm32f407xx.o [4]
HAL_Delay                0x800'2085   0x28  Code  Wk  stm32f4xx_hal.o [5]
HAL_GPIO_Init            0x800'0be1  0x204  Code  Gb  stm32f4xx_hal_gpio.o [5]
HAL_GPIO_WritePin        0x800'0de5   0x1a  Code  Gb  stm32f4xx_hal_gpio.o [5]
HAL_GetTick              0x800'0a65    0xc  Code  Wk  stm32f4xx_hal.o [5]
HAL_IncTick              0x800'2419   0x18  Code  Wk  stm32f4xx_hal.o [5]
HAL_Init                 0x800'0e39   0x30  Code  Gb  stm32f4xx_hal.o [5]
HAL_InitTick             0x800'1d25   0x4c  Code  Wk  stm32f4xx_hal.o [5]
HAL_MspInit              0x800'1d71   0x40  Code  Gb  stm32f4xx_hal_msp.o [3]
HAL_NVIC_SetPriority     0x800'1cd3   0x2a  Code  Gb  stm32f4xx_hal_cortex.o [5]
HAL_NVIC_SetPriorityGrouping
                         0x800'1cc7    0xc  Code  Gb  stm32f4xx_hal_cortex.o [5]
HAL_RCC_ClockConfig      0x800'1aa5  0x140  Code  Gb  stm32f4xx_hal_rcc.o [5]
HAL_RCC_GetSysClockFreq
                         0x800'1fe9   0x9c  Code  Wk  stm32f4xx_hal_rcc.o [5]
HAL_RCC_OscConfig        0x800'16b9  0x3ec  Code  Wk  stm32f4xx_hal_rcc.o [5]
HAL_SPI_Init             0x800'0189   0xce  Code  Gb  stm32f4xx_hal_spi.o [5]
HAL_SPI_MspInit          0x800'09e7   0x6a  Code  Gb  spi.o [3]
HAL_SPI_Receive          0x800'040d  0x17c  Code  Gb  stm32f4xx_hal_spi.o [5]
HAL_SPI_Transmit         0x800'0257  0x1b6  Code  Gb  stm32f4xx_hal_spi.o [5]
HAL_SPI_TransmitReceive
                         0x800'0589  0x23c  Code  Gb  stm32f4xx_hal_spi.o [5]
HAL_SYSTICK_Config       0x800'1cfd    0xc  Code  Gb  stm32f4xx_hal_cortex.o [5]
HASH_RNG_IRQHandler      0x800'25d1         Code  Wk  startup_stm32f407xx.o [4]
HEAP$$Base              0x2000'04a8          --   Gb  - Linker created -
HEAP$$Limit             0x2000'06a8          --   Gb  - Linker created -
HardFault_Handler        0x800'2433    0x2  Code  Gb  stm32f4xx_it.o [3]
I2C1_ER_IRQHandler       0x800'2515         Code  Wk  startup_stm32f407xx.o [4]
I2C1_EV_IRQHandler       0x800'2511         Code  Wk  startup_stm32f407xx.o [4]
I2C2_ER_IRQHandler       0x800'251d         Code  Wk  startup_stm32f407xx.o [4]
I2C2_EV_IRQHandler       0x800'2519         Code  Wk  startup_stm32f407xx.o [4]
I2C3_ER_IRQHandler       0x800'25b9         Code  Wk  startup_stm32f407xx.o [4]
I2C3_EV_IRQHandler       0x800'25b5         Code  Wk  startup_stm32f407xx.o [4]
MX_GPIO_Init             0x800'0e6d   0x98  Code  Gb  gpio.o [3]
MX_SPI3_Init             0x800'09a1   0x46  Code  Gb  spi.o [3]
MemManage_Handler        0x800'2435    0x2  Code  Gb  stm32f4xx_it.o [3]
ModBus_CRC               0x800'1573   0x4e  Code  Lc  AT45.o [1]
NMI_Handler              0x800'2431    0x2  Code  Gb  stm32f4xx_it.o [3]
NVIC_EncodePriority      0x800'1c57   0x40  Code  Lc  stm32f4xx_hal_cortex.o [5]
OTG_FS_IRQHandler        0x800'25a1         Code  Wk  startup_stm32f407xx.o [4]
OTG_FS_WKUP_IRQHandler   0x800'253d         Code  Wk  startup_stm32f407xx.o [4]
OTG_HS_EP1_IN_IRQHandler
                         0x800'25c1         Code  Wk  startup_stm32f407xx.o [4]
OTG_HS_EP1_OUT_IRQHandler
                         0x800'25bd         Code  Wk  startup_stm32f407xx.o [4]
OTG_HS_IRQHandler        0x800'25c9         Code  Wk  startup_stm32f407xx.o [4]
OTG_HS_WKUP_IRQHandler   0x800'25c5         Code  Wk  startup_stm32f407xx.o [4]
PVD_IRQHandler           0x800'2499         Code  Wk  startup_stm32f407xx.o [4]
PendSV_Handler           0x800'243f    0x2  Code  Gb  stm32f4xx_it.o [3]
RCC_IRQHandler           0x800'24a9         Code  Wk  startup_stm32f407xx.o [4]
RTC_Alarm_IRQHandler     0x800'2539         Code  Wk  startup_stm32f407xx.o [4]
RTC_WKUP_IRQHandler      0x800'24a1         Code  Wk  startup_stm32f407xx.o [4]
Region$$Table$$Base      0x800'2390          --   Gb  - Linker created -
Region$$Table$$Limit     0x800'23b4          --   Gb  - Linker created -
Reset_Handler            0x800'2469         Code  Wk  startup_stm32f407xx.o [4]
SDIO_IRQHandler          0x800'2559         Code  Wk  startup_stm32f407xx.o [4]
SPI1_IRQHandler          0x800'2521         Code  Wk  startup_stm32f407xx.o [4]
SPI2_IRQHandler          0x800'2525         Code  Wk  startup_stm32f407xx.o [4]
SPI3_IRQHandler          0x800'2561         Code  Wk  startup_stm32f407xx.o [4]
SPI_EndRxTransaction     0x800'089f   0x9a  Code  Lc  stm32f4xx_hal_spi.o [5]
SPI_EndRxTxTransaction   0x800'0939   0x5e  Code  Lc  stm32f4xx_hal_spi.o [5]
SPI_WaitFlagStateUntilTimeout
                         0x800'07c5   0xda  Code  Lc  stm32f4xx_hal_spi.o [5]
SVC_Handler              0x800'243b    0x2  Code  Gb  stm32f4xx_it.o [3]
SysTick_Config           0x800'1c97   0x30  Code  Lc  stm32f4xx_hal_cortex.o [5]
SysTick_Handler          0x800'2441    0x8  Code  Gb  stm32f4xx_it.o [3]
SystemClock_Config       0x800'0b01   0xaa  Code  Gb  main.o [3]
SystemCoreClock         0x2000'0004    0x4  Data  Gb  system_stm32f4xx.o [2]
SystemInit               0x800'2479    0xc  Code  Gb  system_stm32f4xx.o [2]
TAMP_STAMP_IRQHandler    0x800'249d         Code  Wk  startup_stm32f407xx.o [4]
TIM1_BRK_TIM9_IRQHandler
                         0x800'24f5         Code  Wk  startup_stm32f407xx.o [4]
TIM1_CC_IRQHandler       0x800'2501         Code  Wk  startup_stm32f407xx.o [4]
TIM1_TRG_COM_TIM11_IRQHandler
                         0x800'24fd         Code  Wk  startup_stm32f407xx.o [4]
TIM1_UP_TIM10_IRQHandler
                         0x800'24f9         Code  Wk  startup_stm32f407xx.o [4]
TIM2_IRQHandler          0x800'2505         Code  Wk  startup_stm32f407xx.o [4]
TIM3_IRQHandler          0x800'2509         Code  Wk  startup_stm32f407xx.o [4]
TIM4_IRQHandler          0x800'250d         Code  Wk  startup_stm32f407xx.o [4]
TIM5_IRQHandler          0x800'255d         Code  Wk  startup_stm32f407xx.o [4]
TIM6_DAC_IRQHandler      0x800'256d         Code  Wk  startup_stm32f407xx.o [4]
TIM7_IRQHandler          0x800'2571         Code  Wk  startup_stm32f407xx.o [4]
TIM8_BRK_TIM12_IRQHandler
                         0x800'2541         Code  Wk  startup_stm32f407xx.o [4]
TIM8_CC_IRQHandler       0x800'254d         Code  Wk  startup_stm32f407xx.o [4]
TIM8_TRG_COM_TIM14_IRQHandler
                         0x800'2549         Code  Wk  startup_stm32f407xx.o [4]
TIM8_UP_TIM13_IRQHandler
                         0x800'2545         Code  Wk  startup_stm32f407xx.o [4]
UART4_IRQHandler         0x800'2565         Code  Wk  startup_stm32f407xx.o [4]
UART5_IRQHandler         0x800'2569         Code  Wk  startup_stm32f407xx.o [4]
USART1_IRQHandler        0x800'2529         Code  Wk  startup_stm32f407xx.o [4]
USART2_IRQHandler        0x800'252d         Code  Wk  startup_stm32f407xx.o [4]
USART3_IRQHandler        0x800'2531         Code  Wk  startup_stm32f407xx.o [4]
USART6_IRQHandler        0x800'25b1         Code  Wk  startup_stm32f407xx.o [4]
UsageFault_Handler       0x800'2439    0x2  Code  Gb  stm32f4xx_it.o [3]
WWDG_IRQHandler          0x800'2495         Code  Wk  startup_stm32f407xx.o [4]
__NVIC_GetPriorityGrouping
                         0x800'1c1f    0xc  Code  Lc  stm32f4xx_hal_cortex.o [5]
__NVIC_SetPriority       0x800'1c2b   0x2c  Code  Lc  stm32f4xx_hal_cortex.o [5]
__NVIC_SetPriorityGrouping
                         0x800'1bfd   0x22  Code  Lc  stm32f4xx_hal_cortex.o [5]
__aeabi_ldiv0            0x800'2309         Code  Gb  I64DivZer.o [8]
__aeabi_memcpy           0x800'1f41         Code  Gb  ABImemcpy.o [8]
__aeabi_memcpy4          0x800'1f61         Code  Gb  ABImemcpy.o [8]
__aeabi_memcpy8          0x800'1f61         Code  Gb  ABImemcpy.o [8]
__aeabi_memset           0x800'1629         Code  Gb  ABImemset.o [8]
__aeabi_uldivmod         0x800'20d9         Code  Gb  I64DivMod.o [8]
__basic_free             0x800'1ead   0x16  Code  Gb  heap0.o [6]
__basic_free_intern      0x800'1ec3   0x74  Code  Lc  heap0.o [6]
__basic_malloc           0x800'1e01   0x18  Code  Gb  heap0.o [6]
__basic_malloc_intern    0x800'1e19   0x94  Code  Lc  heap0.o [6]
__cmain                  0x800'23b5         Code  Gb  cmain.o [8]
__data_GetMemChunk       0x800'20ad   0x2c  Code  Gb  xgetmemchunk.o [6]
__data_GetMemChunk::start
                        0x2000'00a0    0x4  Data  Lc  xgetmemchunk.o [6]
__exit                   0x800'23e9   0x14  Code  Gb  exit.o [9]
__iar_Memset             0x800'1629         Code  Gb  ABImemset.o [8]
__iar_Memset_word        0x800'1631         Code  Gb  ABImemset.o [8]
__iar_copy_init3         0x800'168f   0x2a  Code  Gb  copy_init3.o [8]
__iar_data_init3         0x800'2345   0x28  Code  Gb  data_init.o [8]
__iar_init_vfp           0x800'236d         Code  Gb  fpinit_M.o [7]
__iar_program_start      0x800'23fd         Code  Gb  cstartup_M.o [8]
__iar_zero_init3         0x800'230b   0x38  Code  Gb  zero_init3.o [8]
__low_level_init         0x800'23d3    0x4  Code  Gb  low_level_init.o [6]
__vector_table           0x800'0000         Data  Gb  startup_stm32f407xx.o [4]
_call_main               0x800'23c1         Code  Gb  cmain.o [8]
_exit                    0x800'23dd         Code  Gb  cexit.o [8]
bufferRead              0x2000'0084   0x10  Data  Gb  main.o [3]
bufferWrite              0x800'2448   0x10  Data  Gb  main.o [3]
exit                     0x800'23d7    0x4  Code  Gb  exit.o [6]
free                     0x800'1f3d    0x4  Code  Gb  heaptramp0.o [6]
hspi3                   0x2000'000c   0x58  Data  Gb  spi.o [3]
main                     0x800'0a71   0x90  Code  Gb  main.o [3]
memcmp                   0x800'15c1         Code  Gb  memcmp.o [8]
memset                   0x800'0bcd   0x14  Code  Gb  memset.o [8]
uwTick                  0x2000'009c    0x4  Data  Gb  stm32f4xx_hal.o [5]
uwTickFreq              0x2000'0008    0x1  Data  Gb  stm32f4xx_hal.o [5]
uwTickPrio              0x2000'0000    0x4  Data  Gb  stm32f4xx_hal.o [5]


[1] = E:\IAR projects\STM32F4xx\AT45\HAL\EWARM\AT45\Obj\AT45_16002175213719873234.dir
[2] = E:\IAR projects\STM32F4xx\AT45\HAL\EWARM\AT45\Obj\CMSIS_6603591812247902717.dir
[3] = E:\IAR projects\STM32F4xx\AT45\HAL\EWARM\AT45\Obj\Core_13247989168731456611.dir
[4] = E:\IAR projects\STM32F4xx\AT45\HAL\EWARM\AT45\Obj\EWARM_18443280873093131863.dir
[5] = E:\IAR projects\STM32F4xx\AT45\HAL\EWARM\AT45\Obj\STM32F4xx_HAL_Driver_1244631019742807970.dir
[6] = dl7M_tlf.a
[7] = m7M_tls.a
[8] = rt7M_tl.a
[9] = shb_l.a

  9'606 bytes of readonly  code memory
     82 bytes of readonly  data memory
  1'697 bytes of readwrite data memory

Errors: none
Warnings: none
